// Jest Snapshot v1, https://goo.gl/fbAQLP

exports[`Review component test. Correctly renders after relaunch 1`] = `
<section
  className="property__reviews reviews"
>
  <h2
    className="reviews__title"
  >
    Reviews Â·
    <span
      className="reviews__amount"
    >
      3
    </span>
  </h2>
  <ul
    className="reviews__list"
  >
    <li
      className="reviews__item"
    >
      <div
        className="reviews__user user"
      >
        <div
          className="reviews__avatar-wrapper user__avatar-wrapper"
        >
          <img
            alt="Review avatar"
            className="reviews__avatar user__avatar"
            height="54"
            src="https://htmlacademy-react-2.appspot.com/six-cities/static/avatar/6.jpg"
            width="54"
          />
        </div>
        <span
          className="reviews__user-name"
        >
          Kendall
        </span>
      </div>
      <div
        className="reviews__info"
      >
        <div
          className="reviews__rating rating"
        >
          <div
            className="reviews__stars rating__stars"
          >
            <span
              style={
                Object {
                  "width": "80%",
                }
              }
            />
            <span
              className="visually-hidden"
            >
              Rating
            </span>
          </div>
        </div>
        <p
          className="reviews__text"
        >
          We loved it so much, the house, the veiw, the location just great.. Highly reccomend :)
        </p>
        <time
          className="reviews__time"
          dateTime="2019-04-24"
        >
          December 2019
        </time>
      </div>
    </li>
    <li
      className="reviews__item"
    >
      <div
        className="reviews__user user"
      >
        <div
          className="reviews__avatar-wrapper user__avatar-wrapper"
        >
          <img
            alt="Review avatar"
            className="reviews__avatar user__avatar"
            height="54"
            src="https://htmlacademy-react-2.appspot.com/six-cities/static/avatar/5.jpg"
            width="54"
          />
        </div>
        <span
          className="reviews__user-name"
        >
          Corey
        </span>
        <span
          className="reviews__user-status"
        >
          Pro
        </span>
      </div>
      <div
        className="reviews__info"
      >
        <div
          className="reviews__rating rating"
        >
          <div
            className="reviews__stars rating__stars"
          >
            <span
              style={
                Object {
                  "width": "60%",
                }
              }
            />
            <span
              className="visually-hidden"
            >
              Rating
            </span>
          </div>
        </div>
        <p
          className="reviews__text"
        >
          What an amazing view! The house is stunning and in an amazing location. The large glass wall had an amazing view of the river!
        </p>
        <time
          className="reviews__time"
          dateTime="2019-04-24"
        >
          December 2019
        </time>
      </div>
    </li>
    <li
      className="reviews__item"
    >
      <div
        className="reviews__user user"
      >
        <div
          className="reviews__avatar-wrapper user__avatar-wrapper"
        >
          <img
            alt="Review avatar"
            className="reviews__avatar user__avatar"
            height="54"
            src="https://htmlacademy-react-2.appspot.com/six-cities/static/avatar/10.jpg"
            width="54"
          />
        </div>
        <span
          className="reviews__user-name"
        >
          Christina
        </span>
      </div>
      <div
        className="reviews__info"
      >
        <div
          className="reviews__rating rating"
        >
          <div
            className="reviews__stars rating__stars"
          >
            <span
              style={
                Object {
                  "width": "60%",
                }
              }
            />
            <span
              className="visually-hidden"
            >
              Rating
            </span>
          </div>
        </div>
        <p
          className="reviews__text"
        >
          What an amazing view! The house is stunning and in an amazing location. The large glass wall had an amazing view of the river!
        </p>
        <time
          className="reviews__time"
          dateTime="2019-04-24"
        >
          December 2019
        </time>
      </div>
    </li>
  </ul>
  <form
    action="#"
    className="reviews__form form"
    method="post"
  >
    <label
      className="reviews__label form__label"
      htmlFor="review"
    >
      Your review
    </label>
    <div
      className="reviews__rating-form form__rating"
    >
      <input
        className="form__rating-input visually-hidden"
        disabled={false}
        id="5-stars"
        name="rating"
        onChange={[Function]}
        type="radio"
        value={5}
      />
      <label
        className="reviews__rating-label form__rating-label"
        htmlFor="5-stars"
        title="perfect"
      >
        <svg
          className="form__star-image"
          height="33"
          width="37"
        >
          <use
            xlinkHref="#icon-star"
          />
        </svg>
      </label>
      <input
        className="form__rating-input visually-hidden"
        disabled={false}
        id="4-stars"
        name="rating"
        onChange={[Function]}
        type="radio"
        value={4}
      />
      <label
        className="reviews__rating-label form__rating-label"
        htmlFor="4-stars"
        title="good"
      >
        <svg
          className="form__star-image"
          height="33"
          width="37"
        >
          <use
            xlinkHref="#icon-star"
          />
        </svg>
      </label>
      <input
        className="form__rating-input visually-hidden"
        disabled={false}
        id="3-stars"
        name="rating"
        onChange={[Function]}
        type="radio"
        value={3}
      />
      <label
        className="reviews__rating-label form__rating-label"
        htmlFor="3-stars"
        title="not bad"
      >
        <svg
          className="form__star-image"
          height="33"
          width="37"
        >
          <use
            xlinkHref="#icon-star"
          />
        </svg>
      </label>
      <input
        className="form__rating-input visually-hidden"
        disabled={false}
        id="2-stars"
        name="rating"
        onChange={[Function]}
        type="radio"
        value={2}
      />
      <label
        className="reviews__rating-label form__rating-label"
        htmlFor="2-stars"
        title="badly"
      >
        <svg
          className="form__star-image"
          height="33"
          width="37"
        >
          <use
            xlinkHref="#icon-star"
          />
        </svg>
      </label>
      <input
        className="form__rating-input visually-hidden"
        disabled={false}
        id="1-stars"
        name="rating"
        onChange={[Function]}
        type="radio"
        value={1}
      />
      <label
        className="reviews__rating-label form__rating-label"
        htmlFor="1-stars"
        title="terribly"
      >
        <svg
          className="form__star-image"
          height="33"
          width="37"
        >
          <use
            xlinkHref="#icon-star"
          />
        </svg>
      </label>
    </div>
    <textarea
      className="reviews__textarea form__textarea"
      disabled={false}
      id="review"
      name="review"
      onChange={[Function]}
      placeholder="Tell how was your stay, what you like and what can be improved"
      value=""
    />
    <div
      className="reviews__button-wrapper"
    >
      <p
        className="reviews__help"
      >
        To submit review please make sure to set 
        <span
          className="reviews__star"
        >
          rating
        </span>
         and describe your stay with at least 
        <b
          className="reviews__text-amount"
        >
          50 characters
        </b>
        .
      </p>
      <button
        className="reviews__submit form__submit button"
        disabled={true}
        onClick={[Function]}
        type="submit"
      >
        Submit
      </button>
    </div>
    
  </form>
</section>
`;
