// Jest Snapshot v1, https://goo.gl/fbAQLP

exports[`FavoritesCity component test. Correctly renders after relaunch 1`] = `
<div
  className="cities"
>
  <div
    className="cities__places-container container "
  >
    <section
      className="cities__places places"
    >
      <h2
        className="visually-hidden"
      >
        Places
      </h2>
      <b
        className="places__found"
      >
        10
         places to stay in 
        Dusseldorf
      </b>
      <form
        action="#"
        className="places__sorting"
        method="get"
      >
        <span
          className="places__sorting-caption"
        >
          Sort by
        </span>
        <span
          className="places__sorting-type"
          onClick={[Function]}
          tabIndex="0"
        >
          Popular
          <svg
            className="places__sorting-arrow"
            height="4"
            width="7"
          >
            <use
              xlinkHref="#icon-arrow-select"
            />
          </svg>
        </span>
        <ul
          className="places__options places__options--custom "
        >
          <li
            className="places__option places__option--active"
            onClick={[Function]}
            tabIndex={0}
          >
            Popular
          </li>
          <li
            className="places__option "
            onClick={[Function]}
            tabIndex={1}
          >
            Price: low to high
          </li>
          <li
            className="places__option "
            onClick={[Function]}
            tabIndex={2}
          >
            Price: high to low
          </li>
          <li
            className="places__option "
            onClick={[Function]}
            tabIndex={3}
          >
            Top rated first
          </li>
        </ul>
      </form>
      <div
        className="cities__places-list places__list tabs__content"
      >
        <article
          className="place-card place-card--cities"
          onMouseEnter={[Function]}
          onMouseLeave={[Function]}
        >
          <div
            className="place-card__image-wrapper place-card__image-wrapper--cities"
          >
            <a
              href="/offer/1"
              onClick={[Function]}
            >
              <img
                alt="Canal View Prinsengracht"
                className="place-card__image"
                height="200"
                src="https://htmlacademy-react-2.appspot.com/six-cities/static/hotel/9.jpg"
                width="260"
              />
            </a>
          </div>
          <div
            className="place-card__info place-card__info--cities"
          >
            <div
              className="place-card__price-wrapper"
            >
              <div
                className="place-card__price"
              >
                <b
                  className="place-card__price-value"
                >
                  €
                  101
                </b>
                <span
                  className="place-card__price-text"
                >
                  / night
                </span>
              </div>
            </div>
            <div
              className="place-card__rating rating"
            >
              <div
                className="place-card__stars rating__stars"
              >
                <span
                  style={
                    Object {
                      "width": "3.1%",
                    }
                  }
                />
                <span
                  className="visually-hidden"
                >
                  Rating
                </span>
              </div>
            </div>
            <h2
              className="place-card__name"
            >
              <a
                href="/offer/1"
                onClick={[Function]}
              >
                Canal View Prinsengracht
              </a>
            </h2>
            <p
              className="place-card__type"
            >
              room
            </p>
          </div>
        </article>
        <article
          className="place-card place-card--cities"
          onMouseEnter={[Function]}
          onMouseLeave={[Function]}
        >
          <div
            className="place-card__mark"
          >
            <span>
              Premium
            </span>
          </div>
          <div
            className="place-card__image-wrapper place-card__image-wrapper--cities"
          >
            <a
              href="/offer/2"
              onClick={[Function]}
            >
              <img
                alt="House in countryside"
                className="place-card__image"
                height="200"
                src="https://htmlacademy-react-2.appspot.com/six-cities/static/hotel/16.jpg"
                width="260"
              />
            </a>
          </div>
          <div
            className="place-card__info place-card__info--cities"
          >
            <div
              className="place-card__price-wrapper"
            >
              <div
                className="place-card__price"
              >
                <b
                  className="place-card__price-value"
                >
                  €
                  163
                </b>
                <span
                  className="place-card__price-text"
                >
                  / night
                </span>
              </div>
            </div>
            <div
              className="place-card__rating rating"
            >
              <div
                className="place-card__stars rating__stars"
              >
                <span
                  style={
                    Object {
                      "width": "4.5%",
                    }
                  }
                />
                <span
                  className="visually-hidden"
                >
                  Rating
                </span>
              </div>
            </div>
            <h2
              className="place-card__name"
            >
              <a
                href="/offer/2"
                onClick={[Function]}
              >
                House in countryside
              </a>
            </h2>
            <p
              className="place-card__type"
            >
              room
            </p>
          </div>
        </article>
        <article
          className="place-card place-card--cities"
          onMouseEnter={[Function]}
          onMouseLeave={[Function]}
        >
          <div
            className="place-card__image-wrapper place-card__image-wrapper--cities"
          >
            <a
              href="/offer/3"
              onClick={[Function]}
            >
              <img
                alt="Beautiful & luxurious apartment at great location"
                className="place-card__image"
                height="200"
                src="https://htmlacademy-react-2.appspot.com/six-cities/static/hotel/9.jpg"
                width="260"
              />
            </a>
          </div>
          <div
            className="place-card__info place-card__info--cities"
          >
            <div
              className="place-card__price-wrapper"
            >
              <div
                className="place-card__price"
              >
                <b
                  className="place-card__price-value"
                >
                  €
                  254
                </b>
                <span
                  className="place-card__price-text"
                >
                  / night
                </span>
              </div>
            </div>
            <div
              className="place-card__rating rating"
            >
              <div
                className="place-card__stars rating__stars"
              >
                <span
                  style={
                    Object {
                      "width": "2.1%",
                    }
                  }
                />
                <span
                  className="visually-hidden"
                >
                  Rating
                </span>
              </div>
            </div>
            <h2
              className="place-card__name"
            >
              <a
                href="/offer/3"
                onClick={[Function]}
              >
                Beautiful & luxurious apartment at great location
              </a>
            </h2>
            <p
              className="place-card__type"
            >
              apartment
            </p>
          </div>
        </article>
        <article
          className="place-card place-card--cities"
          onMouseEnter={[Function]}
          onMouseLeave={[Function]}
        >
          <div
            className="place-card__image-wrapper place-card__image-wrapper--cities"
          >
            <a
              href="/offer/4"
              onClick={[Function]}
            >
              <img
                alt="The Joshua Tree House"
                className="place-card__image"
                height="200"
                src="https://htmlacademy-react-2.appspot.com/six-cities/static/hotel/1.jpg"
                width="260"
              />
            </a>
          </div>
          <div
            className="place-card__info place-card__info--cities"
          >
            <div
              className="place-card__price-wrapper"
            >
              <div
                className="place-card__price"
              >
                <b
                  className="place-card__price-value"
                >
                  €
                  284
                </b>
                <span
                  className="place-card__price-text"
                >
                  / night
                </span>
              </div>
            </div>
            <div
              className="place-card__rating rating"
            >
              <div
                className="place-card__stars rating__stars"
              >
                <span
                  style={
                    Object {
                      "width": "4.3%",
                    }
                  }
                />
                <span
                  className="visually-hidden"
                >
                  Rating
                </span>
              </div>
            </div>
            <h2
              className="place-card__name"
            >
              <a
                href="/offer/4"
                onClick={[Function]}
              >
                The Joshua Tree House
              </a>
            </h2>
            <p
              className="place-card__type"
            >
              room
            </p>
          </div>
        </article>
        <article
          className="place-card place-card--cities"
          onMouseEnter={[Function]}
          onMouseLeave={[Function]}
        >
          <div
            className="place-card__mark"
          >
            <span>
              Premium
            </span>
          </div>
          <div
            className="place-card__image-wrapper place-card__image-wrapper--cities"
          >
            <a
              href="/offer/5"
              onClick={[Function]}
            >
              <img
                alt="Beautiful & luxurious apartment at great location"
                className="place-card__image"
                height="200"
                src="https://htmlacademy-react-2.appspot.com/six-cities/static/hotel/2.jpg"
                width="260"
              />
            </a>
          </div>
          <div
            className="place-card__info place-card__info--cities"
          >
            <div
              className="place-card__price-wrapper"
            >
              <div
                className="place-card__price"
              >
                <b
                  className="place-card__price-value"
                >
                  €
                  463
                </b>
                <span
                  className="place-card__price-text"
                >
                  / night
                </span>
              </div>
            </div>
            <div
              className="place-card__rating rating"
            >
              <div
                className="place-card__stars rating__stars"
              >
                <span
                  style={
                    Object {
                      "width": "4.9%",
                    }
                  }
                />
                <span
                  className="visually-hidden"
                >
                  Rating
                </span>
              </div>
            </div>
            <h2
              className="place-card__name"
            >
              <a
                href="/offer/5"
                onClick={[Function]}
              >
                Beautiful & luxurious apartment at great location
              </a>
            </h2>
            <p
              className="place-card__type"
            >
              hotel
            </p>
          </div>
        </article>
        <article
          className="place-card place-card--cities"
          onMouseEnter={[Function]}
          onMouseLeave={[Function]}
        >
          <div
            className="place-card__image-wrapper place-card__image-wrapper--cities"
          >
            <a
              href="/offer/6"
              onClick={[Function]}
            >
              <img
                alt="Tile House"
                className="place-card__image"
                height="200"
                src="https://htmlacademy-react-2.appspot.com/six-cities/static/hotel/2.jpg"
                width="260"
              />
            </a>
          </div>
          <div
            className="place-card__info place-card__info--cities"
          >
            <div
              className="place-card__price-wrapper"
            >
              <div
                className="place-card__price"
              >
                <b
                  className="place-card__price-value"
                >
                  €
                  241
                </b>
                <span
                  className="place-card__price-text"
                >
                  / night
                </span>
              </div>
            </div>
            <div
              className="place-card__rating rating"
            >
              <div
                className="place-card__stars rating__stars"
              >
                <span
                  style={
                    Object {
                      "width": "2.9%",
                    }
                  }
                />
                <span
                  className="visually-hidden"
                >
                  Rating
                </span>
              </div>
            </div>
            <h2
              className="place-card__name"
            >
              <a
                href="/offer/6"
                onClick={[Function]}
              >
                Tile House
              </a>
            </h2>
            <p
              className="place-card__type"
            >
              room
            </p>
          </div>
        </article>
        <article
          className="place-card place-card--cities"
          onMouseEnter={[Function]}
          onMouseLeave={[Function]}
        >
          <div
            className="place-card__image-wrapper place-card__image-wrapper--cities"
          >
            <a
              href="/offer/7"
              onClick={[Function]}
            >
              <img
                alt="Penthouse, 4-5 rooms + 5 balconies"
                className="place-card__image"
                height="200"
                src="https://htmlacademy-react-2.appspot.com/six-cities/static/hotel/18.jpg"
                width="260"
              />
            </a>
          </div>
          <div
            className="place-card__info place-card__info--cities"
          >
            <div
              className="place-card__price-wrapper"
            >
              <div
                className="place-card__price"
              >
                <b
                  className="place-card__price-value"
                >
                  €
                  194
                </b>
                <span
                  className="place-card__price-text"
                >
                  / night
                </span>
              </div>
            </div>
            <div
              className="place-card__rating rating"
            >
              <div
                className="place-card__stars rating__stars"
              >
                <span
                  style={
                    Object {
                      "width": "4.4%",
                    }
                  }
                />
                <span
                  className="visually-hidden"
                >
                  Rating
                </span>
              </div>
            </div>
            <h2
              className="place-card__name"
            >
              <a
                href="/offer/7"
                onClick={[Function]}
              >
                Penthouse, 4-5 rooms + 5 balconies
              </a>
            </h2>
            <p
              className="place-card__type"
            >
              apartment
            </p>
          </div>
        </article>
        <article
          className="place-card place-card--cities"
          onMouseEnter={[Function]}
          onMouseLeave={[Function]}
        >
          <div
            className="place-card__image-wrapper place-card__image-wrapper--cities"
          >
            <a
              href="/offer/8"
              onClick={[Function]}
            >
              <img
                alt="Loft Studio in the Central Area"
                className="place-card__image"
                height="200"
                src="https://htmlacademy-react-2.appspot.com/six-cities/static/hotel/7.jpg"
                width="260"
              />
            </a>
          </div>
          <div
            className="place-card__info place-card__info--cities"
          >
            <div
              className="place-card__price-wrapper"
            >
              <div
                className="place-card__price"
              >
                <b
                  className="place-card__price-value"
                >
                  €
                  215
                </b>
                <span
                  className="place-card__price-text"
                >
                  / night
                </span>
              </div>
            </div>
            <div
              className="place-card__rating rating"
            >
              <div
                className="place-card__stars rating__stars"
              >
                <span
                  style={
                    Object {
                      "width": "3.5%",
                    }
                  }
                />
                <span
                  className="visually-hidden"
                >
                  Rating
                </span>
              </div>
            </div>
            <h2
              className="place-card__name"
            >
              <a
                href="/offer/8"
                onClick={[Function]}
              >
                Loft Studio in the Central Area
              </a>
            </h2>
            <p
              className="place-card__type"
            >
              room
            </p>
          </div>
        </article>
        <article
          className="place-card place-card--cities"
          onMouseEnter={[Function]}
          onMouseLeave={[Function]}
        >
          <div
            className="place-card__image-wrapper place-card__image-wrapper--cities"
          >
            <a
              href="/offer/9"
              onClick={[Function]}
            >
              <img
                alt="The Joshua Tree House"
                className="place-card__image"
                height="200"
                src="https://htmlacademy-react-2.appspot.com/six-cities/static/hotel/18.jpg"
                width="260"
              />
            </a>
          </div>
          <div
            className="place-card__info place-card__info--cities"
          >
            <div
              className="place-card__price-wrapper"
            >
              <div
                className="place-card__price"
              >
                <b
                  className="place-card__price-value"
                >
                  €
                  519
                </b>
                <span
                  className="place-card__price-text"
                >
                  / night
                </span>
              </div>
            </div>
            <div
              className="place-card__rating rating"
            >
              <div
                className="place-card__stars rating__stars"
              >
                <span
                  style={
                    Object {
                      "width": "3.3%",
                    }
                  }
                />
                <span
                  className="visually-hidden"
                >
                  Rating
                </span>
              </div>
            </div>
            <h2
              className="place-card__name"
            >
              <a
                href="/offer/9"
                onClick={[Function]}
              >
                The Joshua Tree House
              </a>
            </h2>
            <p
              className="place-card__type"
            >
              house
            </p>
          </div>
        </article>
        <article
          className="place-card place-card--cities"
          onMouseEnter={[Function]}
          onMouseLeave={[Function]}
        >
          <div
            className="place-card__image-wrapper place-card__image-wrapper--cities"
          >
            <a
              href="/offer/10"
              onClick={[Function]}
            >
              <img
                alt="Beautiful & luxurious apartment at great location"
                className="place-card__image"
                height="200"
                src="https://htmlacademy-react-2.appspot.com/six-cities/static/hotel/7.jpg"
                width="260"
              />
            </a>
          </div>
          <div
            className="place-card__info place-card__info--cities"
          >
            <div
              className="place-card__price-wrapper"
            >
              <div
                className="place-card__price"
              >
                <b
                  className="place-card__price-value"
                >
                  €
                  273
                </b>
                <span
                  className="place-card__price-text"
                >
                  / night
                </span>
              </div>
            </div>
            <div
              className="place-card__rating rating"
            >
              <div
                className="place-card__stars rating__stars"
              >
                <span
                  style={
                    Object {
                      "width": "2%",
                    }
                  }
                />
                <span
                  className="visually-hidden"
                >
                  Rating
                </span>
              </div>
            </div>
            <h2
              className="place-card__name"
            >
              <a
                href="/offer/10"
                onClick={[Function]}
              >
                Beautiful & luxurious apartment at great location
              </a>
            </h2>
            <p
              className="place-card__type"
            >
              room
            </p>
          </div>
        </article>
      </div>
    </section>
    <div
      className="cities__right-section"
    >
      <section
        className="cities__map map"
      />
    </div>
  </div>
</div>
`;
