// Jest Snapshot v1, https://goo.gl/fbAQLP

exports[`CitiesList component test. Correctly renders after relaunch 1`] = `
<div
  className="tabs"
>
  <section
    className="locations container"
  >
    <ul
      className="locations__list tabs__list"
    >
      <li
        className="locations__item"
      >
        <a
          className="locations__item-link tabs__item tabs__item--active"
          href="#"
          onClick={[Function]}
        >
          <span>
            Amsterdam
          </span>
        </a>
      </li>
    </ul>
  </section>
</div>
`;
