// Jest Snapshot v1, https://goo.gl/fbAQLP

exports[`Card component test. Correctly renders after relaunch 1`] = `
<article
  className="place-card place-card--cities"
  onMouseEnter={[Function]}
  onMouseLeave={[Function]}
>
  <div
    className="place-card__image-wrapper place-card__image-wrapper--cities"
  >
    <a
      href="/offer/1"
      onClick={[Function]}
    >
      <img
        alt="Canal View Prinsengracht"
        className="place-card__image"
        height="200"
        src="https://htmlacademy-react-2.appspot.com/six-cities/static/hotel/9.jpg"
        width="260"
      />
    </a>
  </div>
  <div
    className="place-card__info place-card__info--cities"
  >
    <div
      className="place-card__price-wrapper"
    >
      <div
        className="place-card__price"
      >
        <b
          className="place-card__price-value"
        >
          €
          101
        </b>
        <span
          className="place-card__price-text"
        >
          / night
        </span>
      </div>
    </div>
    <div
      className="place-card__rating rating"
    >
      <div
        className="place-card__stars rating__stars"
      >
        <span
          style={
            Object {
              "width": "3.1%",
            }
          }
        />
        <span
          className="visually-hidden"
        >
          Rating
        </span>
      </div>
    </div>
    <h2
      className="place-card__name"
    >
      <a
        href="/offer/1"
        onClick={[Function]}
      >
        Canal View Prinsengracht
      </a>
    </h2>
    <p
      className="place-card__type"
    >
      room
    </p>
  </div>
</article>
`;
