// Jest Snapshot v1, https://goo.gl/fbAQLP

exports[`Layout component test. Correctly renders after relaunch 1`] = `
<div
  className="page page"
>
  <div />
</div>
`;
