// Jest Snapshot v1, https://goo.gl/fbAQLP

exports[`PropertyPage component test. Correctly renders after relaunch 1`] = `
<main
  className="page__main page__main--property"
>
  <section
    className="property"
  >
    <div
      className="property__gallery-container container"
    >
      <div
        className="property__gallery"
      >
        <div
          className="property__image-wrapper"
        >
          <img
            alt="Photo studio"
            className="property__image"
            src="https://htmlacademy-react-2.appspot.com/six-cities/static/hotel/5.jpg"
          />
        </div>
        <div
          className="property__image-wrapper"
        >
          <img
            alt="Photo studio"
            className="property__image"
            src="https://htmlacademy-react-2.appspot.com/six-cities/static/hotel/19.jpg"
          />
        </div>
        <div
          className="property__image-wrapper"
        >
          <img
            alt="Photo studio"
            className="property__image"
            src="https://htmlacademy-react-2.appspot.com/six-cities/static/hotel/1.jpg"
          />
        </div>
        <div
          className="property__image-wrapper"
        >
          <img
            alt="Photo studio"
            className="property__image"
            src="https://htmlacademy-react-2.appspot.com/six-cities/static/hotel/2.jpg"
          />
        </div>
        <div
          className="property__image-wrapper"
        >
          <img
            alt="Photo studio"
            className="property__image"
            src="https://htmlacademy-react-2.appspot.com/six-cities/static/hotel/10.jpg"
          />
        </div>
        <div
          className="property__image-wrapper"
        >
          <img
            alt="Photo studio"
            className="property__image"
            src="https://htmlacademy-react-2.appspot.com/six-cities/static/hotel/13.jpg"
          />
        </div>
      </div>
    </div>
    <div
      className="property__container container"
    >
      <div
        className="property__wrapper"
      >
        <div
          className="property__name-wrapper"
        >
          <h1
            className="property__name"
          >
            Canal View Prinsengracht
          </h1>
        </div>
        <div
          className="property__rating rating"
        >
          <div
            className="property__stars rating__stars"
          >
            <span
              style={
                Object {
                  "width": "3.1%",
                }
              }
            />
            <span
              className="visually-hidden"
            >
              Rating
            </span>
          </div>
          <span
            className="property__rating-value rating__value"
          >
            0.155
          </span>
        </div>
        <ul
          className="property__features"
        >
          <li
            className="property__feature property__feature--entire"
          >
            room
          </li>
          <li
            className="property__feature property__feature--bedrooms"
          >
            1
             Bedrooms
          </li>
          <li
            className="property__feature property__feature--adults"
          >
            Max 
            2
             adults
          </li>
        </ul>
        <div
          className="property__price"
        >
          <b
            className="property__price-value"
          >
            €
            101
          </b>
          <span
            className="property__price-text"
          >
             night
          </span>
        </div>
        <div
          className="property__inside"
        >
          <h2
            className="property__inside-title"
          >
            What's inside
          </h2>
          <ul
            className="property__inside-list"
          >
            <li
              className="property__inside-item"
            >
               
              Breakfast
               
            </li>
            <li
              className="property__inside-item"
            >
               
              Laptop friendly workspace
               
            </li>
          </ul>
        </div>
        <div
          className="property__host"
        >
          <h2
            className="property__host-title"
          >
            Meet the host
          </h2>
          <div
            className="property__host-user user"
          >
            <div
              className="property__avatar-wrapper property__avatar-wrapper--pro user__avatar-wrapper"
            >
              <img
                alt="Host avatar"
                className="property__avatar user__avatar"
                height="74"
                src="../img/avatar-angelina.jpg"
                width="74"
              />
            </div>
            <span
              className="property__user-name"
            >
              Angelina
            </span>
            <span
              className="property__user-status"
            >
              Pro
            </span>
          </div>
          <div
            className="property__description"
          >
            <p
              className="property__text"
            >
              This is a place for dreamers to reset, reflect, and create. Designed with a 'slow' pace in mind, our hope is that you enjoy every part of your stay; from making local coffee by drip in the morning, choosing the perfect record to put on as the sun sets.
            </p>
          </div>
        </div>
        <section
          className="property__reviews reviews"
        >
          <h2
            className="reviews__title"
          >
            Reviews ·
            <span
              className="reviews__amount"
            >
              3
            </span>
          </h2>
          <ul
            className="reviews__list"
          >
            <li
              className="reviews__item"
            >
              <div
                className="reviews__user user"
              >
                <div
                  className="reviews__avatar-wrapper user__avatar-wrapper"
                >
                  <img
                    alt="Review avatar"
                    className="reviews__avatar user__avatar"
                    height="54"
                    src="https://htmlacademy-react-2.appspot.com/six-cities/static/avatar/6.jpg"
                    width="54"
                  />
                </div>
                <span
                  className="reviews__user-name"
                >
                  Kendall
                </span>
              </div>
              <div
                className="reviews__info"
              >
                <div
                  className="reviews__rating rating"
                >
                  <div
                    className="reviews__stars rating__stars"
                  >
                    <span
                      style={
                        Object {
                          "width": "80%",
                        }
                      }
                    />
                    <span
                      className="visually-hidden"
                    >
                      Rating
                    </span>
                  </div>
                </div>
                <p
                  className="reviews__text"
                >
                  We loved it so much, the house, the veiw, the location just great.. Highly reccomend :)
                </p>
                <time
                  className="reviews__time"
                  dateTime="2019-04-24"
                >
                  December 2019
                </time>
              </div>
            </li>
            <li
              className="reviews__item"
            >
              <div
                className="reviews__user user"
              >
                <div
                  className="reviews__avatar-wrapper user__avatar-wrapper"
                >
                  <img
                    alt="Review avatar"
                    className="reviews__avatar user__avatar"
                    height="54"
                    src="https://htmlacademy-react-2.appspot.com/six-cities/static/avatar/5.jpg"
                    width="54"
                  />
                </div>
                <span
                  className="reviews__user-name"
                >
                  Corey
                </span>
                <span
                  className="reviews__user-status"
                >
                  Pro
                </span>
              </div>
              <div
                className="reviews__info"
              >
                <div
                  className="reviews__rating rating"
                >
                  <div
                    className="reviews__stars rating__stars"
                  >
                    <span
                      style={
                        Object {
                          "width": "60%",
                        }
                      }
                    />
                    <span
                      className="visually-hidden"
                    >
                      Rating
                    </span>
                  </div>
                </div>
                <p
                  className="reviews__text"
                >
                  What an amazing view! The house is stunning and in an amazing location. The large glass wall had an amazing view of the river!
                </p>
                <time
                  className="reviews__time"
                  dateTime="2019-04-24"
                >
                  December 2019
                </time>
              </div>
            </li>
            <li
              className="reviews__item"
            >
              <div
                className="reviews__user user"
              >
                <div
                  className="reviews__avatar-wrapper user__avatar-wrapper"
                >
                  <img
                    alt="Review avatar"
                    className="reviews__avatar user__avatar"
                    height="54"
                    src="https://htmlacademy-react-2.appspot.com/six-cities/static/avatar/10.jpg"
                    width="54"
                  />
                </div>
                <span
                  className="reviews__user-name"
                >
                  Christina
                </span>
              </div>
              <div
                className="reviews__info"
              >
                <div
                  className="reviews__rating rating"
                >
                  <div
                    className="reviews__stars rating__stars"
                  >
                    <span
                      style={
                        Object {
                          "width": "60%",
                        }
                      }
                    />
                    <span
                      className="visually-hidden"
                    >
                      Rating
                    </span>
                  </div>
                </div>
                <p
                  className="reviews__text"
                >
                  What an amazing view! The house is stunning and in an amazing location. The large glass wall had an amazing view of the river!
                </p>
                <time
                  className="reviews__time"
                  dateTime="2019-04-24"
                >
                  December 2019
                </time>
              </div>
            </li>
          </ul>
          <form
            action="#"
            className="reviews__form form"
            method="post"
          >
            <label
              className="reviews__label form__label"
              htmlFor="review"
            >
              Your review
            </label>
            <div
              className="reviews__rating-form form__rating"
            >
              <input
                className="form__rating-input visually-hidden"
                disabled={false}
                id="5-stars"
                name="rating"
                onChange={[Function]}
                type="radio"
                value={5}
              />
              <label
                className="reviews__rating-label form__rating-label"
                htmlFor="5-stars"
                title="perfect"
              >
                <svg
                  className="form__star-image"
                  height="33"
                  width="37"
                >
                  <use
                    xlinkHref="#icon-star"
                  />
                </svg>
              </label>
              <input
                className="form__rating-input visually-hidden"
                disabled={false}
                id="4-stars"
                name="rating"
                onChange={[Function]}
                type="radio"
                value={4}
              />
              <label
                className="reviews__rating-label form__rating-label"
                htmlFor="4-stars"
                title="good"
              >
                <svg
                  className="form__star-image"
                  height="33"
                  width="37"
                >
                  <use
                    xlinkHref="#icon-star"
                  />
                </svg>
              </label>
              <input
                className="form__rating-input visually-hidden"
                disabled={false}
                id="3-stars"
                name="rating"
                onChange={[Function]}
                type="radio"
                value={3}
              />
              <label
                className="reviews__rating-label form__rating-label"
                htmlFor="3-stars"
                title="not bad"
              >
                <svg
                  className="form__star-image"
                  height="33"
                  width="37"
                >
                  <use
                    xlinkHref="#icon-star"
                  />
                </svg>
              </label>
              <input
                className="form__rating-input visually-hidden"
                disabled={false}
                id="2-stars"
                name="rating"
                onChange={[Function]}
                type="radio"
                value={2}
              />
              <label
                className="reviews__rating-label form__rating-label"
                htmlFor="2-stars"
                title="badly"
              >
                <svg
                  className="form__star-image"
                  height="33"
                  width="37"
                >
                  <use
                    xlinkHref="#icon-star"
                  />
                </svg>
              </label>
              <input
                className="form__rating-input visually-hidden"
                disabled={false}
                id="1-stars"
                name="rating"
                onChange={[Function]}
                type="radio"
                value={1}
              />
              <label
                className="reviews__rating-label form__rating-label"
                htmlFor="1-stars"
                title="terribly"
              >
                <svg
                  className="form__star-image"
                  height="33"
                  width="37"
                >
                  <use
                    xlinkHref="#icon-star"
                  />
                </svg>
              </label>
            </div>
            <textarea
              className="reviews__textarea form__textarea"
              disabled={false}
              id="review"
              name="review"
              onChange={[Function]}
              placeholder="Tell how was your stay, what you like and what can be improved"
              value=""
            />
            <div
              className="reviews__button-wrapper"
            >
              <p
                className="reviews__help"
              >
                To submit review please make sure to set 
                <span
                  className="reviews__star"
                >
                  rating
                </span>
                 and describe your stay with at least 
                <b
                  className="reviews__text-amount"
                >
                  50 characters
                </b>
                .
              </p>
              <button
                className="reviews__submit form__submit button"
                disabled={true}
                onClick={[Function]}
                type="submit"
              >
                Submit
              </button>
            </div>
            
          </form>
        </section>
      </div>
    </div>
    <section
      className="property__map map"
    />
  </section>
  <div
    className="container"
  >
    <section
      className="near-places places"
    >
      <h2
        className="near-places__title"
      >
        Other places in the neighbourhood
      </h2>
      <div
        className="near-places__list places__list"
      />
    </section>
  </div>
</main>
`;
